
> ai-studio-applet@0.1.0 build
> next build

node.exe :  ΓÜá Warning: 
Next.js inferred your 
workspace root, but it 
may not be correct.
At C:\Program 
Files\nodejs\npm.ps1:29 
char:3
+   & $NODE_EXE 
$NPM_CLI_JS $args
+   ~~~~~~~~~~~~~~~~~~~~~~
~~~~~~~
    + CategoryInfo        
      : NotSpeci    fied: 
( ΓÜá Warni    ng: 
N...not be co    
rrect.:String) []    , 
RemoteException
    + FullyQualifiedE    
rrorId : NativeCo    
mmandError
 
 We detected multiple 
lockfiles and selected 
the directory of C:\server
\package-lock.json as the 
root directory.
 To silence this warning, 
set 
`outputFileTracingRoot` 
in your Next.js config, 
or consider removing one 
of the lockfiles if it's 
not needed.
   See https://nextjs.org/
docs/app/api-reference/con
fig/next-config-js/output#
caveats for more 
information.
 Detected additional 
lockfiles: 
   * C:\server\forge\packa
ge-lock.json

   Γû▓ Next.js 15.5.12

   Creating an optimized production build ...
Failed to compile.

./app/gamifier/page.tsx
Error:   [31mx[0m 
You're importing a 
component that needs 
`useEffect`. This React 
Hook only works in a 
Client Component. To fix, 
mark the file (or its 
parent) with the `"use 
client"` directive.
  [31m|[0m
  [31m|[0m  Learn more: 
https://nextjs.org/docs/ap
p/api-reference/directives
/use-client
  [31m|[0m

   ,-[[36;1;4mC:\server\f
orge\app\gamifier\page.tsx
[0m:3:1]
 [2m1[0m | import Link 
from 'next/link';
 [2m2[0m | import { 
useProfile } from 
'@/hooks/useProfile';
 [2m3[0m | import { 
useEffect, useState } 
from 'react';
   : [35;1m         
^^^^^^^^^[0m
 [2m4[0m | import { 
createClient } from 
'@/lib/supabase/client';
 [2m5[0m | 
 [2m5[0m | export 
default function 
GamifierPage() {
   `----
  [31mx[0m You're 
importing a component 
that needs `useState`. 
This React Hook only 
works in a Client 
Component. To fix, mark 
the file (or its parent) 
with the `"use client"` 
directive.
  [31m|[0m
  [31m|[0m  Learn more: 
https://nextjs.org/docs/ap
p/api-reference/directives
/use-client
  [31m|[0m

   ,-[[36;1;4mC:\server\f
orge\app\gamifier\page.tsx
[0m:3:1]
 [2m1[0m | import Link 
from 'next/link';
 [2m2[0m | import { 
useProfile } from 
'@/hooks/useProfile';
 [2m3[0m | import { 
useEffect, useState } 
from 'react';
   : [35;1m              
      ^^^^^^^^[0m
 [2m4[0m | import { 
createClient } from 
'@/lib/supabase/client';
 [2m5[0m | 
 [2m5[0m | export 
default function 
GamifierPage() {
   `----

Import trace for 
requested module:
./app/gamifier/page.tsx


> Build failed because of 
webpack errors
